Non-default value of debug variable: PrintDebugSettings = 1
Non-default value of debug variable: PrintDebugSettings = 1
OpenCL Platform: Intel(R) OpenCL HD Graphics
	Device: Intel(R) Gen12LP HD Graphics NEO
		driverVersion: 20.35.0
		computeUnits:  96
		clockFreq:     1300

Running 10 iterations of each benchmark

                                                    TestCase      Mean [us]    Median [us]         StdDev       Min [us]       Max [us]
                               BestWalkerSubmission(api=ocl)         61.034         33.076         70.88%         30.024        169.214
                            EmptyKernel(api=ocl wgc=1 wgs=1)         60.043         59.173         47.97%         29.766        107.435
                           EmptyKernel(api=ocl wgc=1 wgs=16)         60.739         60.290         47.51%         30.458        104.656
                           EmptyKernel(api=ocl wgc=1 wgs=32)         70.158         83.000         38.02%         30.072        104.320
                          EmptyKernel(api=ocl wgc=1 wgs=256)         55.367         32.281         55.30%         30.507        113.256
                          EmptyKernel(api=ocl wgc=100 wgs=1)         90.095         85.046         35.97%         30.727        171.865
                         EmptyKernel(api=ocl wgc=100 wgs=16)        386.572        391.710          2.64%        365.531        395.272
                         EmptyKernel(api=ocl wgc=100 wgs=32)         32.000         31.412          4.79%         30.529         35.815
                        EmptyKernel(api=ocl wgc=100 wgs=256)         70.408         87.081         41.22%         34.681        112.496
                         EmptyKernel(api=ocl wgc=1000 wgs=1)        411.778        413.409          1.47%        395.880        420.798
                        EmptyKernel(api=ocl wgc=1000 wgs=16)        413.111        413.070          1.24%        405.189        424.698
                        EmptyKernel(api=ocl wgc=1000 wgs=32)         82.867         94.412         32.86%         41.381        119.662
                       EmptyKernel(api=ocl wgc=1000 wgs=256)         94.965         76.036         31.37%         75.114        156.356
                        EmptyKernel(api=ocl wgc=10000 wgs=1)        176.387        173.583         17.15%        146.759        226.216
                       EmptyKernel(api=ocl wgc=10000 wgs=16)        165.665        147.520         17.61%        146.157        227.742
                       EmptyKernel(api=ocl wgc=10000 wgs=32)        176.875        173.760         17.18%        146.425        222.736
                      EmptyKernel(api=ocl wgc=10000 wgs=256)        510.404        492.100          5.39%        485.651        551.938
        EnqueueNdrNullLws(api=ocl gws=1 profiling=0 event=0)          6.252          3.587         60.84%          2.963         12.458
        EnqueueNdrNullLws(api=ocl gws=1 profiling=0 event=1)        103.617         97.963         15.70%         95.622        152.066
        EnqueueNdrNullLws(api=ocl gws=1 profiling=1 event=0)          7.891          9.812         44.74%          3.075         13.092
        EnqueueNdrNullLws(api=ocl gws=1 profiling=1 event=1)         31.801         29.854         57.92%         13.810         62.619
      EnqueueNdrNullLws(api=ocl gws=100 profiling=0 event=0)          6.723          6.197         57.90%          2.862         12.633
      EnqueueNdrNullLws(api=ocl gws=100 profiling=0 event=1)         10.735         10.271          9.16%         10.080         13.376
      EnqueueNdrNullLws(api=ocl gws=100 profiling=1 event=0)          8.784          9.690         34.65%          2.933         12.639
      EnqueueNdrNullLws(api=ocl gws=100 profiling=1 event=1)         29.523         15.077         64.26%         13.883         61.522
     EnqueueNdrNullLws(api=ocl gws=1000 profiling=0 event=0)          7.609          9.840         51.26%          2.943         13.245
     EnqueueNdrNullLws(api=ocl gws=1000 profiling=0 event=1)          9.755         10.634         35.25%          3.180         13.464
     EnqueueNdrNullLws(api=ocl gws=1000 profiling=1 event=0)          6.231          3.072         64.38%          2.952         13.114
     EnqueueNdrNullLws(api=ocl gws=1000 profiling=1 event=1)        137.018        129.011         13.62%        126.870        191.146
     EnqueueNdrTime(api=ocl wgc=1 wgs=1 profiling=0 event=0)          9.024          8.700          9.46%          8.554         11.459
     EnqueueNdrTime(api=ocl wgc=1 wgs=1 profiling=0 event=1)          5.847          2.932         63.53%          2.812         12.404
     EnqueueNdrTime(api=ocl wgc=1 wgs=1 profiling=1 event=0)          7.945          8.741         34.61%          2.711         11.756
     EnqueueNdrTime(api=ocl wgc=1 wgs=1 profiling=1 event=1)         38.241         48.577         57.64%         13.428         80.328
    EnqueueNdrTime(api=ocl wgc=1 wgs=32 profiling=0 event=0)          5.492          2.723         64.07%          2.626         11.573
    EnqueueNdrTime(api=ocl wgc=1 wgs=32 profiling=0 event=1)          7.388          9.190         47.45%          2.804         12.573
    EnqueueNdrTime(api=ocl wgc=1 wgs=32 profiling=1 event=0)          6.792          8.658         50.43%          2.721         12.152
    EnqueueNdrTime(api=ocl wgc=1 wgs=32 profiling=1 event=1)         25.933         13.420         72.02%         13.230         60.363
   EnqueueNdrTime(api=ocl wgc=1 wgs=256 profiling=0 event=0)          9.129          8.873          8.20%          8.659         11.281
   EnqueueNdrTime(api=ocl wgc=1 wgs=256 profiling=0 event=1)         11.706          9.369         66.31%          2.968         33.927
   EnqueueNdrTime(api=ocl wgc=1 wgs=256 profiling=1 event=0)          7.998          8.684         34.84%          2.762         11.514
   EnqueueNdrTime(api=ocl wgc=1 wgs=256 profiling=1 event=1)         48.485         46.394         11.75%         43.243         61.369
   EnqueueNdrTime(api=ocl wgc=100 wgs=1 profiling=0 event=0)          7.685          9.084         32.26%          2.770          9.993
   EnqueueNdrTime(api=ocl wgc=100 wgs=1 profiling=0 event=1)         38.281         36.436         10.74%         34.492         47.450
   EnqueueNdrTime(api=ocl wgc=100 wgs=1 profiling=1 event=0)          9.827          9.287         13.23%          9.214         13.621
   EnqueueNdrTime(api=ocl wgc=100 wgs=1 profiling=1 event=1)         26.557         26.063          4.72%         25.600         29.673
  EnqueueNdrTime(api=ocl wgc=100 wgs=32 profiling=0 event=0)          9.664          9.213         11.02%          9.166         12.776
  EnqueueNdrTime(api=ocl wgc=100 wgs=32 profiling=0 event=1)         10.379          9.938         10.53%          9.798         13.512
  EnqueueNdrTime(api=ocl wgc=100 wgs=32 profiling=1 event=0)          7.887          9.304         43.41%          2.907         13.045
  EnqueueNdrTime(api=ocl wgc=100 wgs=32 profiling=1 event=1)         22.010         25.911         29.27%         13.648         29.356
 EnqueueNdrTime(api=ocl wgc=100 wgs=256 profiling=0 event=0)          9.736          9.409          9.03%          9.210         12.166
 EnqueueNdrTime(api=ocl wgc=100 wgs=256 profiling=0 event=1)          3.302          3.142         12.69%          3.034          4.528
 EnqueueNdrTime(api=ocl wgc=100 wgs=256 profiling=1 event=0)          9.971          9.428          9.75%          9.295         12.049
 EnqueueNdrTime(api=ocl wgc=100 wgs=256 profiling=1 event=1)         25.480         25.877         13.40%         15.919         29.437
  EnqueueNdrTime(api=ocl wgc=1000 wgs=1 profiling=0 event=0)         10.053          9.354         10.86%          9.194         12.111
  EnqueueNdrTime(api=ocl wgc=1000 wgs=1 profiling=0 event=1)         10.124          9.810          7.34%          9.693         12.236
  EnqueueNdrTime(api=ocl wgc=1000 wgs=1 profiling=1 event=0)          6.476          6.108         57.11%          2.820         11.946
  EnqueueNdrTime(api=ocl wgc=1000 wgs=1 profiling=1 event=1)         26.271         25.781          4.45%         25.328         28.875
 EnqueueNdrTime(api=ocl wgc=1000 wgs=32 profiling=0 event=0)          9.786          9.402          8.01%          9.265         11.937
 EnqueueNdrTime(api=ocl wgc=1000 wgs=32 profiling=0 event=1)         10.249          9.922          7.61%          9.826         12.476
 EnqueueNdrTime(api=ocl wgc=1000 wgs=32 profiling=1 event=0)          9.811          9.248         10.42%          9.104         12.299
 EnqueueNdrTime(api=ocl wgc=1000 wgs=32 profiling=1 event=1)         22.109         25.865         27.77%         13.637         29.157
EnqueueNdrTime(api=ocl wgc=1000 wgs=256 profiling=0 event=0)          9.714          9.401          7.75%          9.278         11.871
EnqueueNdrTime(api=ocl wgc=1000 wgs=256 profiling=0 event=1)         10.369         10.136          8.98%          9.681         13.014
EnqueueNdrTime(api=ocl wgc=1000 wgs=256 profiling=1 event=0)          9.136          9.444         24.59%          2.868         12.155
EnqueueNdrTime(api=ocl wgc=1000 wgs=256 profiling=1 event=1)         23.956         25.821         21.84%         13.664         29.615
                      FlushTime(api=ocl wgc=1 wgs=0 event=0)         13.856         12.640         16.46%         11.976         19.207
                      FlushTime(api=ocl wgc=1 wgs=0 event=1)         13.480         13.197          7.79%         12.475         16.457
                      FlushTime(api=ocl wgc=1 wgs=1 event=0)         12.905         12.441          9.75%         11.953         16.274
                      FlushTime(api=ocl wgc=1 wgs=1 event=1)         14.848         13.181         33.97%          8.135         28.034
                     FlushTime(api=ocl wgc=1 wgs=32 event=0)          6.486          5.982         26.07%          4.769         10.707
                     FlushTime(api=ocl wgc=1 wgs=32 event=1)         12.106         12.381         32.19%          4.870         17.126
                    FlushTime(api=ocl wgc=1 wgs=256 event=0)         13.182         12.803         11.23%         12.302         17.557
                    FlushTime(api=ocl wgc=1 wgs=256 event=1)         14.865         12.502         34.57%         12.011         29.483
                    FlushTime(api=ocl wgc=100 wgs=0 event=0)         21.637         11.747         87.12%         11.381         61.132
                    FlushTime(api=ocl wgc=100 wgs=0 event=1)          7.938          6.539         49.20%          4.773         16.694
                    FlushTime(api=ocl wgc=100 wgs=1 event=0)         58.011         56.253         19.57%         45.555         74.538
                    FlushTime(api=ocl wgc=100 wgs=1 event=1)         11.022         11.684         38.83%          4.321         16.397
                   FlushTime(api=ocl wgc=100 wgs=32 event=0)          8.697          7.163         45.22%          4.386         15.938
                   FlushTime(api=ocl wgc=100 wgs=32 event=1)         12.732         13.534         25.91%          5.311         16.305
                  FlushTime(api=ocl wgc=100 wgs=256 event=0)          9.982         10.409         42.65%          4.821         16.823
                  FlushTime(api=ocl wgc=100 wgs=256 event=1)         13.216         12.447         11.78%         12.104         16.923
                   FlushTime(api=ocl wgc=1000 wgs=0 event=0)          8.922          7.719         43.51%          4.849         16.769
                   FlushTime(api=ocl wgc=1000 wgs=0 event=1)         11.770         12.896         31.33%          5.575         18.178
                   FlushTime(api=ocl wgc=1000 wgs=1 event=0)         13.979         12.727         20.78%         11.418         21.543
                   FlushTime(api=ocl wgc=1000 wgs=1 event=1)         13.625         12.732         16.06%         11.265         17.057
                  FlushTime(api=ocl wgc=1000 wgs=32 event=0)         12.317         12.511         23.13%          5.339         17.894
                  FlushTime(api=ocl wgc=1000 wgs=32 event=1)         15.065         12.878         29.60%         11.819         26.100
                 FlushTime(api=ocl wgc=1000 wgs=256 event=0)         12.678         12.666         24.25%          5.167         17.698
                 FlushTime(api=ocl wgc=1000 wgs=256 event=1)          9.537         11.359         43.27%          4.375         16.028
                NewResourcesSubmissionDevice(api=ocl size=1)        151.491        174.757         27.85%         80.224        203.447
             NewResourcesSubmissionDevice(api=ocl size=64KB)        152.225        176.938         29.35%         91.809        199.281
            NewResourcesSubmissionDevice(api=ocl size=512KB)        175.498        124.888         76.64%         98.489        569.447
              NewResourcesSubmissionDevice(api=ocl size=1MB)        193.685        192.741          5.64%        180.791        216.999
             NewResourcesSubmissionDevice(api=ocl size=16MB)       1192.058       1204.106          2.79%       1129.180       1230.674
             NewResourcesSubmissionDevice(api=ocl size=64MB)      10355.765      10387.894          5.06%       9698.233      11502.379
            NewResourcesSubmissionDevice(api=ocl size=256MB)      37773.884      37375.546          1.95%      37028.542      38895.868
              NewResourcesSubmissionDevice(api=ocl size=1GB)     159136.160     148480.606         11.87%     147789.010     204632.766
                  NewResourcesSubmissionHost(api=ocl size=1)        141.175        141.338         34.07%         89.361        244.088
               NewResourcesSubmissionHost(api=ocl size=64KB)        358.264        358.288          3.43%        337.746        381.863
              NewResourcesSubmissionHost(api=ocl size=512KB)        171.960        183.074         26.28%        104.574        266.978
                NewResourcesSubmissionHost(api=ocl size=1MB)        291.813        248.745         35.66%        176.609        483.535
               NewResourcesSubmissionHost(api=ocl size=16MB)       1241.421       1184.623         16.37%       1028.409       1760.372
               NewResourcesSubmissionHost(api=ocl size=64MB)      10991.758      11108.693          8.46%       9461.586      12503.389
              NewResourcesSubmissionHost(api=ocl size=256MB)      39251.088      37479.246         11.87%      37227.869      53023.559
                NewResourcesSubmissionHost(api=ocl size=1GB)     146177.691     147949.433          4.92%     125005.849     152504.434
                 NewResourcesWithGpuAccess(api=ocl size=1KB)         92.577         86.276         12.97%         83.895        119.845
                NewResourcesWithGpuAccess(api=ocl size=64KB)        129.589        106.717         52.35%         90.519        328.838
               NewResourcesWithGpuAccess(api=ocl size=512KB)        181.949        172.327         25.09%        138.348        311.154
                 NewResourcesWithGpuAccess(api=ocl size=1MB)        243.927        232.528         15.53%        215.375        354.532
                NewResourcesWithGpuAccess(api=ocl size=16MB)       2461.286       2240.044         17.90%       2010.505       3629.424
                NewResourcesWithGpuAccess(api=ocl size=64MB)      14191.225      14185.686          0.54%      14091.917      14400.650
               NewResourcesWithGpuAccess(api=ocl size=256MB)      55557.549      55353.045          1.35%      55048.435      57754.277
                 NewResourcesWithGpuAccess(api=ocl size=1GB)     220573.537     219337.341          1.51%     218808.168     230366.861
                                RoundTripSubmission(api=ocl)         61.427         42.171         53.64%         35.418        122.173
                            WalkerCompletionLatency(api=ocl)          5.137          5.104         13.02%          3.724          6.635
                             WalkerSubmissionEvents(api=ocl)        186.792        186.433          5.62%        176.354        212.708
