Non-default value of debug variable: PrintDebugSettings = 1
Non-default value of debug variable: EnableDirectSubmission = 1
Non-default value of debug variable: BindAllAllocations = 1
Non-default value of debug variable: EnableForcePin = 0
Non-default value of debug variable: UseVmBind = 1
Non-default value of debug variable: PrintDebugSettings = 1
Non-default value of debug variable: EnableDirectSubmission = 1
Non-default value of debug variable: BindAllAllocations = 1
Non-default value of debug variable: EnableForcePin = 0
Non-default value of debug variable: UseVmBind = 1
OpenCL Platform: Intel(R) OpenCL HD Graphics
	Device: Intel(R) Gen12LP HD Graphics NEO
		driverVersion: 20.35.0
		computeUnits:  96
		clockFreq:     1650

Running 10 iterations of each benchmark

                                                                                                  TestCase    Mean [GB/s]  Median [GB/s]         StdDev     Min [GB/s]     Max [GB/s]
                                                               CopyBuffer(api=ocl size=128MB compressed=0)         29.612         29.609          0.08%         29.554         29.648
                                                               CopyBuffer(api=ocl size=512MB compressed=0)         29.506         29.503          0.03%         29.492         29.519
                                                FillBuffer(api=ocl size=128MB patternSize=16 compressed=0)         48.395         48.024          2.08%         47.194         50.999
                                               FillBuffer(api=ocl size=128MB patternSize=128 compressed=0)         48.336         48.138          1.61%         47.508         50.286
                                                FillBuffer(api=ocl size=512MB patternSize=16 compressed=0)         59.264         59.203          0.45%         59.003         60.001
                                               FillBuffer(api=ocl size=512MB patternSize=128 compressed=0)         59.244         59.153          0.58%         58.920         60.068
                                                  MapBuffer(api=ocl size=128MB compressed=0 mapFlags=read)          5.646          5.650          0.18%          5.622          5.655
                                                 MapBuffer(api=ocl size=128MB compressed=0 mapFlags=write)          5.639          5.642          0.20%          5.615          5.650
                                       MapBuffer(api=ocl size=128MB compressed=0 mapFlags=writeInvalidate)          5.642          5.642          0.08%          5.634          5.650
                                                  MapBuffer(api=ocl size=512MB compressed=0 mapFlags=read)          5.665          5.668          0.11%          5.652          5.670
                                                 MapBuffer(api=ocl size=512MB compressed=0 mapFlags=write)          5.667          5.669          0.12%          5.650          5.674
                                       MapBuffer(api=ocl size=512MB compressed=0 mapFlags=writeInvalidate)          5.668          5.670          0.10%          5.657          5.675
                                                               ReadBuffer(api=ocl size=128MB compressed=0)          5.083          5.082          0.49%          5.031          5.116
                                                               ReadBuffer(api=ocl size=512MB compressed=0)          5.118          5.116          0.12%          5.108          5.127
                                                UnmapBuffer(api=ocl size=128MB compressed=0 mapFlags=read)     140321.186     150423.713         17.36%      97826.332     162098.705
                                               UnmapBuffer(api=ocl size=128MB compressed=0 mapFlags=write)          3.768          3.769          0.17%          3.750          3.773
                                     UnmapBuffer(api=ocl size=128MB compressed=0 mapFlags=writeInvalidate)          3.771          3.771          0.04%          3.768          3.773
                                                UnmapBuffer(api=ocl size=512MB compressed=0 mapFlags=read)     541136.734     570573.558         18.88%     313592.822     657124.739
                                               UnmapBuffer(api=ocl size=512MB compressed=0 mapFlags=write)          3.780          3.781          0.09%          3.775          3.785
                                     UnmapBuffer(api=ocl size=512MB compressed=0 mapFlags=writeInvalidate)          3.780          3.781          0.11%          3.773          3.786
                                                             UsmCopy(api=ocl transfer=SysToDev size=128MB)          3.765          3.769          0.27%          3.735          3.771
                                                             UsmCopy(api=ocl transfer=SysToDev size=512MB)          3.778          3.779          0.08%          3.773          3.782
                                                             UsmCopy(api=ocl transfer=DevToSys size=128MB)          5.631          5.633          0.18%          5.603          5.638
                                                             UsmCopy(api=ocl transfer=DevToSys size=512MB)          5.656          5.656          0.09%          5.644          5.661
                                                             UsmCopy(api=ocl transfer=DevToDev size=128MB)         29.657         29.652          0.06%         29.626         29.689
                                                             UsmCopy(api=ocl transfer=DevToDev size=512MB)         29.488         29.494          0.09%         29.413         29.511
                                                    UsmFill(api=ocl memory=host size=128MB patternSize=16)          5.620          5.626          0.29%          5.574          5.632
                                                   UsmFill(api=ocl memory=host size=128MB patternSize=256)          5.628          5.631          0.08%          5.616          5.632
                                                    UsmFill(api=ocl memory=host size=512MB patternSize=16)          5.655          5.661          0.25%          5.620          5.672
                                                   UsmFill(api=ocl memory=host size=512MB patternSize=256)          5.660          5.661          0.09%          5.647          5.665
                                                  UsmFill(api=ocl memory=device size=128MB patternSize=16)         58.666         58.678          0.05%         58.608         58.706
                                                 UsmFill(api=ocl memory=device size=128MB patternSize=256)         58.663         58.667          0.16%         58.465         58.779
                                                  UsmFill(api=ocl memory=device size=512MB patternSize=16)         62.778         62.779          0.05%         62.712         62.807
                                                 UsmFill(api=ocl memory=device size=512MB patternSize=256)         62.773         62.784          0.04%         62.722         62.806
                                                                 UsmMemset(api=ocl memory=host size=128MB)          5.620          5.626          0.32%          5.569          5.632
                                                                 UsmMemset(api=ocl memory=host size=512MB)          5.660          5.662          0.10%          5.649          5.666
                                                               UsmMemset(api=ocl memory=device size=128MB)         58.641         58.674          0.18%         58.408         58.757
                                                               UsmMemset(api=ocl memory=device size=512MB)         62.755         62.766          0.05%         62.674         62.789
                                                              WriteBuffer(api=ocl size=128MB compressed=0)          3.494          3.494          0.11%          3.485          3.499
                                                              WriteBuffer(api=ocl size=512MB compressed=0)          3.528          3.530          0.16%          3.516          3.534
      WriteBufferRect(api=ocl size=16KB compressed=0 origin=0:0:0 region=128:128:1 rPitch=128 sPitch=16KB)          0.367          0.374          7.27%          0.291          0.386
     WriteBufferRect(api=ocl size=2MB compressed=0 origin=0:0:0 region=128:128:128 rPitch=128 sPitch=16KB)          2.848          2.827          3.83%          2.709          3.109
WriteBufferRect(api=ocl size=128MB compressed=0 origin=0:0:0 region=128:1024:1024 rPitch=128 sPitch=128KB)          3.498          3.500          0.37%          3.474          3.521
   WriteBufferRect(api=ocl size=16MB compressed=0 origin=0:0:0 region=1024:16:1024 rPitch=1KB sPitch=16KB)          3.291          3.293          0.47%          3.263          3.312
    WriteBufferRect(api=ocl size=16MB compressed=0 origin=0:0:0 region=1024:1024:16 rPitch=1KB sPitch=1MB)          3.336          3.342          0.33%          3.309          3.345
